Microchip MPLAB XC8 Compiler V2.10 ()

Linker command line:

-W-3 --edf=C:\Program Files (x86)\Microchip\xc8\v2.10\pic\dat\en_msgs.txt \
  -cs -h+dist/default/production\Lab3_v2.X.production.sym \
  --cmf=dist/default/production\Lab3_v2.X.production.cmf -z -Q16F887 \
  -oC:\Users\Peter\AppData\Local\Temp\sh98.2 --defsym=__MPLAB_BUILD=1 \
  -Mdist/default/production/Lab3_v2.X.production.map -E1 -ver=XC8 \
  --acfsm=1493 -ASTACK=0110h-016Fh -pstack=STACK -ACODE=00h-07FFhx4 \
  -ASTRCODE=00h-01FFFh -ASTRING=00h-0FFhx32 -ACONST=00h-0FFhx32 \
  -AENTRY=00h-0FFhx32 -ACOMMON=070h-07Fh -ABANK0=020h-06Fh \
  -ABANK1=0A0h-0EFh -ABANK2=0110h-016Fh -ABANK3=0190h-01EFh \
  -ARAM=020h-06Fh,0A0h-0EFh,0110h-016Fh,0190h-01EFh \
  -AABS1=020h-07Fh,0A0h-0EFh,0110h-016Fh,0190h-01EFh -ASFR0=00h-01Fh \
  -ASFR1=080h-09Fh -ASFR2=0100h-010Fh -ASFR3=0180h-018Fh \
  -preset_vec=00h,intentry=04h,init,end_init -ppowerup=CODE -pcinit=CODE \
  -pfunctab=ENTRY -ACONFIG=02007h-02008h -pconfig=CONFIG -DCONFIG=2 \
  -AIDLOC=02000h-02003h -pidloc=IDLOC -DIDLOC=2 -AEEDATA=00h-0FFh/02100h \
  -peeprom_data=EEDATA -DEEDATA=2 -DCODE=2 -DSTRCODE=2 -DSTRING=2 -DCONST=2 \
  -DENTRY=2 -k C:\Users\Peter\AppData\Local\Temp\sh98.o \
  dist/default/production\Lab3_v2.X.production.o 

Object code version is 3.11

Machine type is 16F887



                Name                               Link     Load   Length Selector   Space Scale
C:\Users\Peter\AppData\Local\Temp\sh98.o
                end_init                              E        E        3        8       0
                reset_vec                             0        0        3        0       0
                config                             2007     2007        2     400E       0
dist/default/production\Lab3_v2.X.production.o
                cinit                                11       11       10        8       0
                intentry                              4        4        A        8       0
                text21                              733      733       BA        8       0
                text20                              CEC      CEC       9B     19D8       0
                text19                              E23      E23      1DD     1C46       0
                text18                              B01      B01       29     1602       0
                text17                              3D2      3D2      361        8       0
                text16                              D87      D87       9C     1B0E       0
                text15                              B53      B53       46     16A6       0
                text14                              ADA      ADA       27     15B4       0
                text13                              AB9      AB9       21     1572       0
                text12                              A43      A43        D     1486       0
                text11                              C6D      C6D       7F     18DA       0
                text10                              A33      A33        8     1466       0
                text9                               A81      A81       1A     1502       0
                text8                               A50      A50       10     14A0       0
                text7                               B2A      B2A       29     1654       0
                text6                               A60      A60       10     14C0       0
                text5                               A70      A70       11     14E0       0
                text4                               B99      B99       5D     1732       0
                text3                               A9B      A9B       1E     1536       0
                text2                               BF6      BF6       77     17EC       0
                text1                               7ED      7ED       13        8       0
                maintext                             21       21      3B1        8       0
                cstackBANK0                          20       20       49       20       1
                cstackCOMMON                         70       70        E       70       1
                cstackBANK1                          BA       BA        A       A0       1
                clrtext                             A3B      A3B        8     1476       0
                bssBANK1                             A0       A0       1A       A0       1
                bssBANK0                             69       69        1       20       1
                strings                             800      800       14     1000       0

TOTAL           Name                               Link     Load   Length     Space
        CLASS   STACK          

        CLASS   CODE           
                end_init                              E        E        3         0
                cinit                                11       11       10         0
                intentry                              4        4        A         0
                reset_vec                             0        0        3         0
                text21                              733      733       BA         0
                text20                              CEC      CEC       9B         0
                text19                              E23      E23      1DD         0
                text18                              B01      B01       29         0
                text17                              3D2      3D2      361         0
                text16                              D87      D87       9C         0
                text15                              B53      B53       46         0
                text14                              ADA      ADA       27         0
                text13                              AB9      AB9       21         0
                text12                              A43      A43        D         0
                text11                              C6D      C6D       7F         0
                text10                              A33      A33        8         0
                text9                               A81      A81       1A         0
                text8                               A50      A50       10         0
                text7                               B2A      B2A       29         0
                text6                               A60      A60       10         0
                text5                               A70      A70       11         0
                text4                               B99      B99       5D         0
                text3                               A9B      A9B       1E         0
                text2                               BF6      BF6       77         0
                text1                               7ED      7ED       13         0
                maintext                             21       21      3B1         0
                clrtext                             A3B      A3B        8         0

        CLASS   STRCODE        

        CLASS   STRING         
                strings                             800      800       14         0

        CLASS   CONST          

        CLASS   ENTRY          

        CLASS   COMMON         
                cstackCOMMON                         70       70        E         1

        CLASS   BANK0          
                cstackBANK0                          20       20       49         1
                bssBANK0                             69       69        1         1

        CLASS   BANK1          
                cstackBANK1                          BA       BA        A         1
                bssBANK1                             A0       A0       1A         1

        CLASS   BANK2          

        CLASS   BANK3          

        CLASS   RAM            

        CLASS   ABS1           
                abs_s1                               7E       7E        2         1

        CLASS   SFR0           

        CLASS   SFR1           

        CLASS   SFR2           

        CLASS   SFR3           

        CLASS   CONFIG         
                config                             2007     2007        2         0

        CLASS   IDLOC          

        CLASS   EEDATA         



SEGMENTS        Name                           Load    Length   Top    Selector   Space  Class     Delta

                reset_vec                      000000  000003  000003         0       0  CODE        2
                intentry                       000004  0007FC  000800         8       0  CODE        2
                cstackBANK0                    000020  00004A  00006A        20       1  BANK0       1
                cstackCOMMON                   000070  00000E  00007E        70       1  COMMON      1
                bssBANK1                       0000A0  000024  0000C4        A0       1  BANK1       1
                strings                        000800  000014  000814      1000       0  STRING      2
                text10                         000A33  000008  000A3B      1466       0  CODE        2
                clrtext                        000A3B  000008  000A43      1476       0  CODE        2
                text12                         000A43  00000D  000A50      1486       0  CODE        2
                text8                          000A50  000010  000A60      14A0       0  CODE        2
                text6                          000A60  000010  000A70      14C0       0  CODE        2
                text5                          000A70  000011  000A81      14E0       0  CODE        2
                text9                          000A81  00001A  000A9B      1502       0  CODE        2
                text3                          000A9B  00001E  000AB9      1536       0  CODE        2
                text13                         000AB9  000021  000ADA      1572       0  CODE        2
                text14                         000ADA  000027  000B01      15B4       0  CODE        2
                text18                         000B01  000029  000B2A      1602       0  CODE        2
                text7                          000B2A  000029  000B53      1654       0  CODE        2
                text15                         000B53  000046  000B99      16A6       0  CODE        2
                text4                          000B99  00005D  000BF6      1732       0  CODE        2
                text2                          000BF6  000077  000C6D      17EC       0  CODE        2
                text11                         000C6D  00007F  000CEC      18DA       0  CODE        2
                text20                         000CEC  00009B  000D87      19D8       0  CODE        2
                text16                         000D87  00009C  000E23      1B0E       0  CODE        2
                text19                         000E23  0001DD  001000      1C46       0  CODE        2
                config                         002007  000002  002009      400E       0  CONFIG      2


UNUSED ADDRESS RANGES

        Name                Unused          Largest block    Delta
        BANK0            006A-006F              6           1
        BANK1            00C4-00EF             2C           1
        BANK2            0110-016F             60           1
        BANK3            0190-01EF             60           1
        CODE             0003-0003              1           2
                         0814-0A32            21F
                         1000-1FFF            800
        CONST            0003-0003              1           2
                         0814-0A32            100
                         1000-1FFF            100
        EEDATA           2100-21FF            100           2
        ENTRY            0003-0003              1           2
                         0814-0A32            100
                         1000-1FFF            100
        IDLOC            2000-2003              4           2
        RAM              006A-006F              6           1
                         00C4-00EF             2C
                         0110-016F             60
                         0190-01EF             60
        SFR0             0000-001F             20           1
        SFR1             0080-009F             20           1
        SFR2             0100-010F             10           1
        SFR3             0180-018F             10           1
        STACK            0110-016F             60           1
        STRCODE          0003-0003              1           2
                         0814-0A32            21F
                         1000-1FFF           1000
        STRING           0003-0003              1           2
                         0814-0A32            100
                         1000-1FFF            100

                                  Symbol Table

?__Umul8_16               cstackBANK0  0026
?___fldiv                 cstackBANK0  0049
?___flmul                 cstackBANK0  002F
?___fltol                 cstackBANK0  0063
?___lwdiv                 cstackBANK0  0026
?___wmul                  cstackBANK0  0026
?___xxtofl                cstackCOMMON 0070
_ADCON0bits               (abs)        001F
_ADCON1bits               (abs)        009F
_ADRESH                   (abs)        001E
_ANSEL                    (abs)        0188
_ANSELHbits               (abs)        0189
_BAUDCTLbits              (abs)        0187
_INTCONbits               (abs)        000B
_OSCCONbits               (abs)        008F
_PIE1bits                 (abs)        008C
_PIR1bits                 (abs)        000C
_PORTA                    (abs)        0005
_PORTB                    (abs)        0006
_PORTC                    (abs)        0007
_PORTCbits                (abs)        0007
_PORTD                    (abs)        0008
_RCREG                    (abs)        001A
_RCSTAbits                (abs)        0018
_SPBRG                    (abs)        0099
_TRISA                    (abs)        0085
_TRISB                    (abs)        0086
_TRISC                    (abs)        0087
_TRISD                    (abs)        0088
_TXSTAbits                (abs)        0098
__CFG_BOR4V$BOR40V        (abs)        0000
__CFG_BOREN$OFF           (abs)        0000
__CFG_CP$OFF              (abs)        0000
__CFG_CPD$OFF             (abs)        0000
__CFG_FCMEN$OFF           (abs)        0000
__CFG_FOSC$INTRC_NOCLKOUT (abs)        0000
__CFG_IESO$OFF            (abs)        0000
__CFG_LVP$OFF             (abs)        0000
__CFG_MCLRE$OFF           (abs)        0000
__CFG_PWRTE$OFF           (abs)        0000
__CFG_WDTE$OFF            (abs)        0000
__CFG_WRT$OFF             (abs)        0000
__Habs1                   abs1         0000
__Hbank0                  bank0        0000
__Hbank1                  bank1        0000
__Hbank2                  bank2        0000
__Hbank3                  bank3        0000
__HbssBANK0               bssBANK0     0000
__HbssBANK1               bssBANK1     0000
__Hcinit                  cinit        0021
__Hclrtext                clrtext      0000
__Hcode                   code         0000
__Hcommon                 common       0000
__Hconfig                 config       2009
__HcstackBANK0            cstackBANK0  0000
__HcstackBANK1            cstackBANK1  0000
__HcstackCOMMON           cstackCOMMON 0000
__Heeprom_data            eeprom_data  0000
__Hend_init               end_init     0011
__Hfunctab                functab      0000
__Hidloc                  idloc        0000
__Hinit                   init         000E
__Hintentry               intentry     000E
__Hmaintext               maintext     0000
__Hpowerup                powerup      0000
__Hram                    ram          0000
__Hreset_vec              reset_vec    0003
__Hsfr0                   sfr0         0000
__Hsfr1                   sfr1         0000
__Hsfr2                   sfr2         0000
__Hsfr3                   sfr3         0000
__Hspace_0                (abs)        2009
__Hspace_1                (abs)        00C4
__Hspace_2                (abs)        0000
__Hspace_3                (abs)        0000
__Hstack                  stack        0000
__Hstrings                strings      0000
__Htext                   text         0000
__Labs1                   abs1         0000
__Lbank0                  bank0        0000
__Lbank1                  bank1        0000
__Lbank2                  bank2        0000
__Lbank3                  bank3        0000
__LbssBANK0               bssBANK0     0000
__LbssBANK1               bssBANK1     0000
__Lcinit                  cinit        0011
__Lclrtext                clrtext      0000
__Lcode                   code         0000
__Lcommon                 common       0000
__Lconfig                 config       2007
__LcstackBANK0            cstackBANK0  0000
__LcstackBANK1            cstackBANK1  0000
__LcstackCOMMON           cstackCOMMON 0000
__Leeprom_data            eeprom_data  0000
__Lend_init               end_init     000E
__Lfunctab                functab      0000
__Lidloc                  idloc        0000
__Linit                   init         000E
__Lintentry               intentry     0004
__Lmaintext               maintext     0000
__Lpowerup                powerup      0000
__Lram                    ram          0000
__Lreset_vec              reset_vec    0000
__Lsfr0                   sfr0         0000
__Lsfr1                   sfr1         0000
__Lsfr2                   sfr2         0000
__Lsfr3                   sfr3         0000
__Lspace_0                (abs)        0000
__Lspace_1                (abs)        0000
__Lspace_2                (abs)        0000
__Lspace_3                (abs)        0000
__Lstack                  stack        0000
__Lstrings                strings      0000
__Ltext                   text         0000
__S0                      (abs)        2009
__S1                      (abs)        00C4
__S2                      (abs)        0000
__S3                      (abs)        0000
__Umul8_16                text18       0B01
__Umul8_16@multiplicand   cstackBANK0  0026
__Umul8_16@multiplier     cstackBANK0  002E
__Umul8_16@product        cstackBANK0  002A
__Umul8_16@word_mpld      cstackBANK0  002C
___fldiv                  text19       0E23
___fldiv@a                cstackBANK0  0049
___fldiv@aexp             cstackBANK0  0062
___fldiv@b                cstackBANK0  004D
___fldiv@bexp             cstackBANK0  0061
___fldiv@grs              cstackBANK0  005D
___fldiv@new_exp          cstackBANK0  005B
___fldiv@rem              cstackBANK0  0056
___fldiv@sign             cstackBANK0  005A
___flmul                  text17       03D2
___flmul@a                cstackBANK0  0033
___flmul@aexp             cstackBANK0  0041
___flmul@b                cstackBANK0  002F
___flmul@bexp             cstackBANK0  0042
___flmul@grs              cstackBANK0  003D
___flmul@prod             cstackBANK0  0043
___flmul@sign             cstackBANK0  003C
___flmul@temp             cstackBANK0  0047
___fltol                  text16       0D87
___fltol@exp1             cstackBANK0  0068
___fltol@f1               cstackBANK0  0063
___fltol@sign1            cstackBANK0  0067
___int_sp                 stack        0000
___latbits                (abs)        0002
___lwdiv                  text15       0B53
___lwdiv@counter          cstackBANK0  002D
___lwdiv@dividend         cstackBANK0  0028
___lwdiv@divisor          cstackBANK0  0026
___lwdiv@quotient         cstackBANK0  002B
___sp                     stack        0000
___stackhi                (abs)        0000
___stacklo                (abs)        0000
___wmul                   text14       0ADA
___wmul@multiplicand      cstackBANK0  0028
___wmul@multiplier        cstackBANK0  0026
___wmul@product           cstackBANK0  002A
___xxtofl                 text21       0733
___xxtofl@arg             cstackCOMMON 007A
___xxtofl@exp             cstackCOMMON 0079
___xxtofl@sign            cstackCOMMON 0078
___xxtofl@val             cstackCOMMON 0070
__end_of__Umul8_16        text18       0B2A
__end_of___fldiv          text19       1000
__end_of___flmul          text17       0733
__end_of___fltol          text16       0E23
__end_of___lwdiv          text15       0B99
__end_of___wmul           text14       0B01
__end_of___xxtofl         text21       07ED
__end_of__initialization  cinit        001D
__end_of__stringtab       strings      0806
__end_of_adcFoscSel       text13       0ADA
__end_of_adcSetup         text12       0A50
__end_of_analogInSel      text11       0CEC
__end_of_delay_1ms2       text9        0A9B
__end_of_intEnable        text10       0A3B
__end_of_isr              text20       0D87
__end_of_lcd8_cmd         text5        0A81
__end_of_lcd8_dispChar    text7        0B53
__end_of_lcd8_dispNum     text6        0A70
__end_of_lcd8_init2       text4        0BF6
__end_of_lcd8_setCursor   text3        0AB9
__end_of_lcd8_write       text8        0A60
__end_of_main             maintext     03D2
__end_of_oscInt           text2        0C6D
__end_of_setup            text1        0800
__initialization          cinit        0011
__pbssBANK0               bssBANK0     0069
__pbssBANK1               bssBANK1     00A0
__pcstackBANK0            cstackBANK0  0020
__pcstackBANK1            cstackBANK1  00BA
__pcstackCOMMON           cstackCOMMON 0070
__pintentry               intentry     0004
__pmaintext               maintext     0021
__pstrings                strings      0800
__ptext1                  text1        07ED
__ptext10                 text10       0A33
__ptext11                 text11       0C6D
__ptext12                 text12       0A43
__ptext13                 text13       0AB9
__ptext14                 text14       0ADA
__ptext15                 text15       0B53
__ptext16                 text16       0D87
__ptext17                 text17       03D2
__ptext18                 text18       0B01
__ptext19                 text19       0E23
__ptext2                  text2        0BF6
__ptext20                 text20       0CEC
__ptext21                 text21       0733
__ptext3                  text3        0A9B
__ptext4                  text4        0B99
__ptext5                  text5        0A70
__ptext6                  text6        0A60
__ptext7                  text7        0B2A
__ptext8                  text8        0A50
__ptext9                  text9        0A81
__size_of__Umul8_16       (abs)        0000
__size_of___fldiv         (abs)        0000
__size_of___flmul         (abs)        0000
__size_of___fltol         (abs)        0000
__size_of___lwdiv         (abs)        0000
__size_of___wmul          (abs)        0000
__size_of___xxtofl        (abs)        0000
__size_of_adcFoscSel      (abs)        0000
__size_of_adcSetup        (abs)        0000
__size_of_analogInSel     (abs)        0000
__size_of_delay_1ms2      (abs)        0000
__size_of_intEnable       (abs)        0000
__size_of_isr             (abs)        0000
__size_of_lcd8_cmd        (abs)        0000
__size_of_lcd8_dispChar   (abs)        0000
__size_of_lcd8_dispNum    (abs)        0000
__size_of_lcd8_init2      (abs)        0000
__size_of_lcd8_setCursor  (abs)        0000
__size_of_lcd8_write      (abs)        0000
__size_of_main            (abs)        0000
__size_of_oscInt          (abs)        0000
__size_of_setup           (abs)        0000
__stringbase              strings      0805
__stringtab               strings      0800
_adcFoscSel               text13       0AB9
_adcSetup                 text12       0A43
_analogInSel              text11       0C6D
_cent1                    bssBANK1     00AE
_cent2                    bssBANK1     00A8
_cuenta                   bssBANK1     00B9
_decen1                   bssBANK1     00B0
_decen2                   bssBANK1     00AA
_delay_1ms2               text9        0A81
_intEnable                text10       0A33
_isr                      text20       0CEC
_lcd8_cmd                 text5        0A70
_lcd8_dispChar            text7        0B2A
_lcd8_dispNum             text6        0A60
_lcd8_init2               text4        0B99
_lcd8_setCursor           text3        0A9B
_lcd8_write               text8        0A50
_main                     maintext     0021
_main$1178                cstackBANK1  00C0
_oscInt                   text2        0BF6
_pot1                     bssBANK1     00A4
_pot2                     bssBANK1     00A0
_rxdata                   bssBANK1     00B8
_setup                    text1        07ED
_temp                     bssBANK1     00B6
_temp2                    bssBANK1     00B4
_unid1                    bssBANK1     00B2
_unid2                    bssBANK1     00AC
adcFoscSel@fosc           cstackBANK0  0028
analogInSel@analogIn      cstackBANK0  0028
btemp                     (abs)        007E
clear_ram0                clrtext      0A3B
delay_1ms2@i              cstackBANK0  0026
end_of_initialization     cinit        001D
interrupt_function        intentry     0004
intlevel0                 functab      0000
intlevel1                 functab      0000
intlevel2                 functab      0000
intlevel3                 functab      0000
intlevel4                 functab      0000
intlevel5                 functab      0000
lcd8_cmd@cmd              cstackBANK0  0028
lcd8_dispChar@value       cstackBANK0  002C
lcd8_dispNum@val_num      cstackBANK0  002A
lcd8_setCursor@columna    cstackBANK0  0029
lcd8_setCursor@fila       cstackBANK0  002A
lcd8_write@dat            cstackBANK0  0028
oscInt@freq               cstackBANK0  0028
reset_vec                 reset_vec    0000
saved_w                   (abs)        007E
start                     init         000E
start_initialization      cinit        0011
wtemp0                    (abs)        007E


FUNCTION INFORMATION:

 *************** function _main *****************
 Defined at:
		line 82 in file "Lab3_v2.c"
 Parameters:    Size  Location     Type
		None
 Auto vars:     Size  Location     Type
		None
 Return value:  Size  Location     Type
                  1    wreg      void 
 Registers used:
		wreg, fsr0l, fsr0h, status,2, status,0, btemp+1, pclath, cstack
 Tracked objects:
		On entry : 
		On exit  : 
		Unchanged: 
 Data sizes:     COMMON   BANK0   BANK1   BANK3   BANK2
      Params:         0       0       0       0       0
      Locals:         0       0       4       0       0
      Temps:          0       0       1       0       0
      Totals:         0       0       5       0       0
Total ram usage:        5 bytes
 Hardware stack levels required when called:    5
 This function calls:
		___fldiv
		___flmul
		___fltol
		___lwdiv
		___wmul
		_adcFoscSel
		_adcSetup
		_analogInSel
		_delay_1ms2
		_intEnable
		_lcd8_dispChar
		_lcd8_dispNum
		_lcd8_init2
		_lcd8_setCursor
		_oscInt
		_setup
 This function is called by:
		Startup code after reset
 This function uses a non-reentrant model


 *************** function _setup *****************
 Defined at:
		line 153 in file "Lab3_v2.c"
 Parameters:    Size  Location     Type
		None
 Auto vars:     Size  Location     Type
		None
 Return value:  Size  Location     Type
                  1    wreg      void 
 Registers used:
		wreg, status,2
 Tracked objects:
		On entry : 
		On exit  : 
		Unchanged: 
 Data sizes:     COMMON   BANK0   BANK1   BANK3   BANK2
      Params:         0       0       0       0       0
      Locals:         0       0       0       0       0
      Temps:          0       0       0       0       0
      Totals:         0       0       0       0       0
Total ram usage:        0 bytes
 Hardware stack levels used:    1
 Hardware stack levels required when called:    2
 This function calls:
		Nothing
 This function is called by:
		_main
 This function uses a non-reentrant model


 *************** function _oscInt *****************
 Defined at:
		line 11 in file "lib_osccon.c"
 Parameters:    Size  Location     Type
  freq            1    wreg     unsigned char 
 Auto vars:     Size  Location     Type
  freq            1    8[BANK0 ] unsigned char 
 Return value:  Size  Location     Type
                  1    wreg      unsigned char 
 Registers used:
		wreg, fsr0l, fsr0h, status,2, status,0
 Tracked objects:
		On entry : 
		On exit  : 
		Unchanged: 
 Data sizes:     COMMON   BANK0   BANK1   BANK3   BANK2
      Params:         0       0       0       0       0
      Locals:         0       1       0       0       0
      Temps:          0       2       0       0       0
      Totals:         0       3       0       0       0
Total ram usage:        3 bytes
 Hardware stack levels used:    1
 Hardware stack levels required when called:    2
 This function calls:
		Nothing
 This function is called by:
		_main
 This function uses a non-reentrant model


 *************** function _lcd8_setCursor *****************
 Defined at:
		line 62 in file "LCDv1.c"
 Parameters:    Size  Location     Type
  fila            1    wreg     unsigned char 
  columna         1    9[BANK0 ] unsigned char 
 Auto vars:     Size  Location     Type
  fila            1   10[BANK0 ] unsigned char 
 Return value:  Size  Location     Type
                  1    wreg      void 
 Registers used:
		wreg, status,2, status,0, btemp+1, pclath, cstack
 Tracked objects:
		On entry : 
		On exit  : 
		Unchanged: 
 Data sizes:     COMMON   BANK0   BANK1   BANK3   BANK2
      Params:         0       1       0       0       0
      Locals:         0       1       0       0       0
      Temps:          0       0       0       0       0
      Totals:         0       2       0       0       0
Total ram usage:        2 bytes
 Hardware stack levels used:    1
 Hardware stack levels required when called:    4
 This function calls:
		_lcd8_cmd
 This function is called by:
		_main
 This function uses a non-reentrant model


 *************** function _lcd8_init2 *****************
 Defined at:
		line 18 in file "LCDv1.c"
 Parameters:    Size  Location     Type
		None
 Auto vars:     Size  Location     Type
		None
 Return value:  Size  Location     Type
                  1    wreg      void 
 Registers used:
		wreg, status,2, status,0, btemp+1, pclath, cstack
 Tracked objects:
		On entry : 
		On exit  : 
		Unchanged: 
 Data sizes:     COMMON   BANK0   BANK1   BANK3   BANK2
      Params:         0       0       0       0       0
      Locals:         0       0       0       0       0
      Temps:          0       2       0       0       0
      Totals:         0       2       0       0       0
Total ram usage:        2 bytes
 Hardware stack levels used:    1
 Hardware stack levels required when called:    4
 This function calls:
		_lcd8_cmd
 This function is called by:
		_main
 This function uses a non-reentrant model


 *************** function _lcd8_cmd *****************
 Defined at:
		line 34 in file "LCDv1.c"
 Parameters:    Size  Location     Type
  cmd             1    wreg     unsigned char 
 Auto vars:     Size  Location     Type
  cmd             1    8[BANK0 ] unsigned char 
 Return value:  Size  Location     Type
                  1    wreg      void 
 Registers used:
		wreg, status,2, status,0, btemp+1, pclath, cstack
 Tracked objects:
		On entry : 
		On exit  : 
		Unchanged: 
 Data sizes:     COMMON   BANK0   BANK1   BANK3   BANK2
      Params:         0       0       0       0       0
      Locals:         0       1       0       0       0
      Temps:          0       0       0       0       0
      Totals:         0       1       0       0       0
Total ram usage:        1 bytes
 Hardware stack levels used:    1
 Hardware stack levels required when called:    3
 This function calls:
		_delay_1ms2
 This function is called by:
		_lcd8_init2
		_lcd8_setCursor
 This function uses a non-reentrant model


 *************** function _lcd8_dispNum *****************
 Defined at:
		line 58 in file "LCDv1.c"
 Parameters:    Size  Location     Type
  val_num         2   10[BANK0 ] int 
 Auto vars:     Size  Location     Type
		None
 Return value:  Size  Location     Type
                  1    wreg      void 
 Registers used:
		wreg, status,2, status,0, btemp+1, pclath, cstack
 Tracked objects:
		On entry : 
		On exit  : 
		Unchanged: 
 Data sizes:     COMMON   BANK0   BANK1   BANK3   BANK2
      Params:         0       2       0       0       0
      Locals:         0       0       0       0       0
      Temps:          0       0       0       0       0
      Totals:         0       2       0       0       0
Total ram usage:        2 bytes
 Hardware stack levels used:    1
 Hardware stack levels required when called:    4
 This function calls:
		_lcd8_write
 This function is called by:
		_main
 This function uses a non-reentrant model


 *************** function _lcd8_dispChar *****************
 Defined at:
		line 52 in file "LCDv1.c"
 Parameters:    Size  Location     Type
  value           1    wreg     PTR unsigned char 
		 -> STR_5(2), STR_4(2), STR_3(4), STR_2(4), 
		 -> STR_1(4), 
 Auto vars:     Size  Location     Type
  value           1   12[BANK0 ] PTR unsigned char 
		 -> STR_5(2), STR_4(2), STR_3(4), STR_2(4), 
		 -> STR_1(4), 
 Return value:  Size  Location     Type
                  1    wreg      void 
 Registers used:
		wreg, fsr0l, fsr0h, status,2, status,0, btemp+1, pclath, cstack
 Tracked objects:
		On entry : 
		On exit  : 
		Unchanged: 
 Data sizes:     COMMON   BANK0   BANK1   BANK3   BANK2
      Params:         0       0       0       0       0
      Locals:         0       1       0       0       0
      Temps:          0       2       0       0       0
      Totals:         0       3       0       0       0
Total ram usage:        3 bytes
 Hardware stack levels used:    1
 Hardware stack levels required when called:    4
 This function calls:
		_lcd8_write
 This function is called by:
		_main
 This function uses a non-reentrant model


 *************** function _lcd8_write *****************
 Defined at:
		line 43 in file "LCDv1.c"
 Parameters:    Size  Location     Type
  dat             2    8[BANK0 ] unsigned int 
 Auto vars:     Size  Location     Type
		None
 Return value:  Size  Location     Type
                  1    wreg      void 
 Registers used:
		wreg, status,2, status,0, btemp+1, pclath, cstack
 Tracked objects:
		On entry : 
		On exit  : 
		Unchanged: 
 Data sizes:     COMMON   BANK0   BANK1   BANK3   BANK2
      Params:         0       2       0       0       0
      Locals:         0       0       0       0       0
      Temps:          0       0       0       0       0
      Totals:         0       2       0       0       0
Total ram usage:        2 bytes
 Hardware stack levels used:    1
 Hardware stack levels required when called:    3
 This function calls:
		_delay_1ms2
 This function is called by:
		_lcd8_dispChar
		_lcd8_dispNum
 This function uses a non-reentrant model


 *************** function _delay_1ms2 *****************
 Defined at:
		line 71 in file "LCDv1.c"
 Parameters:    Size  Location     Type
		None
 Auto vars:     Size  Location     Type
  i               2    6[BANK0 ] int 
 Return value:  Size  Location     Type
                  1    wreg      void 
 Registers used:
		wreg, status,2, btemp+1
 Tracked objects:
		On entry : 
		On exit  : 
		Unchanged: 
 Data sizes:     COMMON   BANK0   BANK1   BANK3   BANK2
      Params:         0       0       0       0       0
      Locals:         0       2       0       0       0
      Temps:          0       0       0       0       0
      Totals:         0       2       0       0       0
Total ram usage:        2 bytes
 Hardware stack levels used:    1
 Hardware stack levels required when called:    2
 This function calls:
		Nothing
 This function is called by:
		_main
		_lcd8_cmd
		_lcd8_write
 This function uses a non-reentrant model


 *************** function _intEnable *****************
 Defined at:
		line 167 in file "Lab3_v2.c"
 Parameters:    Size  Location     Type
		None
 Auto vars:     Size  Location     Type
		None
 Return value:  Size  Location     Type
                  1    wreg      void 
 Registers used:
		None
 Tracked objects:
		On entry : 
		On exit  : 
		Unchanged: 
 Data sizes:     COMMON   BANK0   BANK1   BANK3   BANK2
      Params:         0       0       0       0       0
      Locals:         0       0       0       0       0
      Temps:          0       0       0       0       0
      Totals:         0       0       0       0       0
Total ram usage:        0 bytes
 Hardware stack levels used:    1
 Hardware stack levels required when called:    2
 This function calls:
		Nothing
 This function is called by:
		_main
 This function uses a non-reentrant model


 *************** function _analogInSel *****************
 Defined at:
		line 21 in file "lib_adc.c"
 Parameters:    Size  Location     Type
  analogIn        1    wreg     unsigned char 
 Auto vars:     Size  Location     Type
  analogIn        1    8[BANK0 ] unsigned char 
 Return value:  Size  Location     Type
                  1    wreg      unsigned char 
 Registers used:
		wreg, fsr0l, fsr0h, status,2, status,0
 Tracked objects:
		On entry : 
		On exit  : 
		Unchanged: 
 Data sizes:     COMMON   BANK0   BANK1   BANK3   BANK2
      Params:         0       0       0       0       0
      Locals:         0       1       0       0       0
      Temps:          0       2       0       0       0
      Totals:         0       3       0       0       0
Total ram usage:        3 bytes
 Hardware stack levels used:    1
 Hardware stack levels required when called:    2
 This function calls:
		Nothing
 This function is called by:
		_main
 This function uses a non-reentrant model


 *************** function _adcSetup *****************
 Defined at:
		line 12 in file "lib_adc.c"
 Parameters:    Size  Location     Type
		None
 Auto vars:     Size  Location     Type
		None
 Return value:  Size  Location     Type
                  1    wreg      void 
 Registers used:
		None
 Tracked objects:
		On entry : 
		On exit  : 
		Unchanged: 
 Data sizes:     COMMON   BANK0   BANK1   BANK3   BANK2
      Params:         0       0       0       0       0
      Locals:         0       0       0       0       0
      Temps:          0       0       0       0       0
      Totals:         0       0       0       0       0
Total ram usage:        0 bytes
 Hardware stack levels used:    1
 Hardware stack levels required when called:    2
 This function calls:
		Nothing
 This function is called by:
		_main
 This function uses a non-reentrant model


 *************** function _adcFoscSel *****************
 Defined at:
		line 111 in file "lib_adc.c"
 Parameters:    Size  Location     Type
  fosc            1    wreg     unsigned char 
 Auto vars:     Size  Location     Type
  fosc            1    8[BANK0 ] unsigned char 
 Return value:  Size  Location     Type
                  1    wreg      unsigned char 
 Registers used:
		wreg, fsr0l, fsr0h, status,2, status,0
 Tracked objects:
		On entry : 
		On exit  : 
		Unchanged: 
 Data sizes:     COMMON   BANK0   BANK1   BANK3   BANK2
      Params:         0       0       0       0       0
      Locals:         0       1       0       0       0
      Temps:          0       2       0       0       0
      Totals:         0       3       0       0       0
Total ram usage:        3 bytes
 Hardware stack levels used:    1
 Hardware stack levels required when called:    2
 This function calls:
		Nothing
 This function is called by:
		_main
 This function uses a non-reentrant model


 *************** function ___wmul *****************
 Defined at:
		line 15 in file "C:\Program Files (x86)\Microchip\xc8\v2.10\pic\sources\c90\common\Umul16.c"
 Parameters:    Size  Location     Type
  multiplier      2    6[BANK0 ] unsigned int 
  multiplicand    2    8[BANK0 ] unsigned int 
 Auto vars:     Size  Location     Type
  product         2   10[BANK0 ] unsigned int 
 Return value:  Size  Location     Type
                  2    6[BANK0 ] unsigned int 
 Registers used:
		wreg, status,2, status,0
 Tracked objects:
		On entry : 
		On exit  : 
		Unchanged: 
 Data sizes:     COMMON   BANK0   BANK1   BANK3   BANK2
      Params:         0       4       0       0       0
      Locals:         0       2       0       0       0
      Temps:          0       0       0       0       0
      Totals:         0       6       0       0       0
Total ram usage:        6 bytes
 Hardware stack levels used:    1
 Hardware stack levels required when called:    2
 This function calls:
		Nothing
 This function is called by:
		_main
 This function uses a non-reentrant model


 *************** function ___lwdiv *****************
 Defined at:
		line 5 in file "C:\Program Files (x86)\Microchip\xc8\v2.10\pic\sources\c90\common\lwdiv.c"
 Parameters:    Size  Location     Type
  divisor         2    6[BANK0 ] unsigned int 
  dividend        2    8[BANK0 ] unsigned int 
 Auto vars:     Size  Location     Type
  quotient        2   11[BANK0 ] unsigned int 
  counter         1   13[BANK0 ] unsigned char 
 Return value:  Size  Location     Type
                  2    6[BANK0 ] unsigned int 
 Registers used:
		wreg, status,2, status,0
 Tracked objects:
		On entry : 
		On exit  : 
		Unchanged: 
 Data sizes:     COMMON   BANK0   BANK1   BANK3   BANK2
      Params:         0       4       0       0       0
      Locals:         0       3       0       0       0
      Temps:          0       1       0       0       0
      Totals:         0       8       0       0       0
Total ram usage:        8 bytes
 Hardware stack levels used:    1
 Hardware stack levels required when called:    2
 This function calls:
		Nothing
 This function is called by:
		_main
 This function uses a non-reentrant model


 *************** function ___fltol *****************
 Defined at:
		line 43 in file "C:\Program Files (x86)\Microchip\xc8\v2.10\pic\sources\c90\common\fltol.c"
 Parameters:    Size  Location     Type
  f1              4   67[BANK0 ] unsigned int 
 Auto vars:     Size  Location     Type
  exp1            1   72[BANK0 ] unsigned char 
  sign1           1   71[BANK0 ] unsigned char 
 Return value:  Size  Location     Type
                  4   67[BANK0 ] long 
 Registers used:
		wreg, status,2, status,0
 Tracked objects:
		On entry : 
		On exit  : 
		Unchanged: 
 Data sizes:     COMMON   BANK0   BANK1   BANK3   BANK2
      Params:         0       4       0       0       0
      Locals:         0       2       0       0       0
      Temps:          0       0       5       0       0
      Totals:         0       6       5       0       0
Total ram usage:       11 bytes
 Hardware stack levels used:    1
 Hardware stack levels required when called:    2
 This function calls:
		Nothing
 This function is called by:
		_main
 This function uses a non-reentrant model


 *************** function ___flmul *****************
 Defined at:
		line 8 in file "C:\Program Files (x86)\Microchip\xc8\v2.10\pic\sources\c90\common\sprcmul.c"
 Parameters:    Size  Location     Type
  b               4   15[BANK0 ] long 
  a               4   19[BANK0 ] long 
 Auto vars:     Size  Location     Type
  prod            4   35[BANK0 ] struct .
  grs             4   29[BANK0 ] unsigned long 
  temp            2   39[BANK0 ] struct .
  bexp            1   34[BANK0 ] unsigned char 
  aexp            1   33[BANK0 ] unsigned char 
  sign            1   28[BANK0 ] unsigned char 
 Return value:  Size  Location     Type
                  4   15[BANK0 ] unsigned char 
 Registers used:
		wreg, status,2, status,0, btemp+1, pclath, cstack
 Tracked objects:
		On entry : 
		On exit  : 
		Unchanged: 
 Data sizes:     COMMON   BANK0   BANK1   BANK3   BANK2
      Params:         0       8       0       0       0
      Locals:         0      13       0       0       0
      Temps:          0       5       0       0       0
      Totals:         0      26       0       0       0
Total ram usage:       26 bytes
 Hardware stack levels used:    1
 Hardware stack levels required when called:    3
 This function calls:
		__Umul8_16
 This function is called by:
		_main
 This function uses a non-reentrant model


 *************** function __Umul8_16 *****************
 Defined at:
		line 4 in file "C:\Program Files (x86)\Microchip\xc8\v2.10\pic\sources\c90\common\Umul8_16.c"
 Parameters:    Size  Location     Type
  multiplier      1    wreg     unsigned char 
  multiplicand    1    6[BANK0 ] unsigned char 
 Auto vars:     Size  Location     Type
  multiplier      1   14[BANK0 ] unsigned char 
  word_mpld       2   12[BANK0 ] unsigned int 
  product         2   10[BANK0 ] unsigned int 
 Return value:  Size  Location     Type
                  2    6[BANK0 ] unsigned int 
 Registers used:
		wreg, status,2, status,0
 Tracked objects:
		On entry : 
		On exit  : 
		Unchanged: 
 Data sizes:     COMMON   BANK0   BANK1   BANK3   BANK2
      Params:         0       2       0       0       0
      Locals:         0       5       0       0       0
      Temps:          0       2       0       0       0
      Totals:         0       9       0       0       0
Total ram usage:        9 bytes
 Hardware stack levels used:    1
 Hardware stack levels required when called:    2
 This function calls:
		Nothing
 This function is called by:
		___flmul
 This function uses a non-reentrant model


 *************** function ___fldiv *****************
 Defined at:
		line 8 in file "C:\Program Files (x86)\Microchip\xc8\v2.10\pic\sources\c90\common\sprcdiv.c"
 Parameters:    Size  Location     Type
  a               4   41[BANK0 ] unsigned int 
  b               4   45[BANK0 ] unsigned int 
 Auto vars:     Size  Location     Type
  grs             4   61[BANK0 ] unsigned long 
  rem             4   54[BANK0 ] unsigned long 
  new_exp         2   59[BANK0 ] int 
  aexp            1   66[BANK0 ] unsigned char 
  bexp            1   65[BANK0 ] unsigned char 
  sign            1   58[BANK0 ] unsigned char 
 Return value:  Size  Location     Type
                  4   41[BANK0 ] unsigned char 
 Registers used:
		wreg, status,2, status,0, btemp+1
 Tracked objects:
		On entry : 
		On exit  : 
		Unchanged: 
 Data sizes:     COMMON   BANK0   BANK1   BANK3   BANK2
      Params:         0       8       0       0       0
      Locals:         0      13       0       0       0
      Temps:          0       5       0       0       0
      Totals:         0      26       0       0       0
Total ram usage:       26 bytes
 Hardware stack levels used:    1
 Hardware stack levels required when called:    2
 This function calls:
		Nothing
 This function is called by:
		_main
 This function uses a non-reentrant model


 *************** function _isr *****************
 Defined at:
		line 57 in file "Lab3_v2.c"
 Parameters:    Size  Location     Type
		None
 Auto vars:     Size  Location     Type
		None
 Return value:  Size  Location     Type
                  1    wreg      void 
 Registers used:
		wreg, status,2, status,0, pclath, cstack
 Tracked objects:
		On entry : 
		On exit  : 
		Unchanged: 
 Data sizes:     COMMON   BANK0   BANK1   BANK3   BANK2
      Params:         0       0       0       0       0
      Locals:         0       0       0       0       0
      Temps:          0       6       0       0       0
      Totals:         0       6       0       0       0
Total ram usage:        6 bytes
 Hardware stack levels used:    1
 Hardware stack levels required when called:    1
 This function calls:
		___xxtofl
 This function is called by:
		Interrupt level 1
 This function uses a non-reentrant model


 *************** function ___xxtofl *****************
 Defined at:
		line 10 in file "C:\Program Files (x86)\Microchip\xc8\v2.10\pic\sources\c90\common\xxtofl.c"
 Parameters:    Size  Location     Type
  sign            1    wreg     unsigned char 
  val             4    0[COMMON] long 
 Auto vars:     Size  Location     Type
  sign            1    8[COMMON] unsigned char 
  arg             4   10[COMMON] unsigned long 
  exp             1    9[COMMON] unsigned char 
 Return value:  Size  Location     Type
                  4    0[COMMON] unsigned char 
 Registers used:
		wreg, status,2, status,0
 Tracked objects:
		On entry : 
		On exit  : 
		Unchanged: 
 Data sizes:     COMMON   BANK0   BANK1   BANK3   BANK2
      Params:         4       0       0       0       0
      Locals:         6       0       0       0       0
      Temps:          4       0       0       0       0
      Totals:        14       0       0       0       0
Total ram usage:       14 bytes
 Hardware stack levels used:    1
 This function calls:
		Nothing
 This function is called by:
		_isr
 This function uses a non-reentrant model



MODULE INFORMATION

Module		Function		Class		Link	Load	Size
C:\Program Files (x86)\Microchip\xc8\v2.10\pic\sources\c90\common\lwdiv.c
		___lwdiv       		CODE           	0B53	0000	71

C:\Program Files (x86)\Microchip\xc8\v2.10\pic\sources\c90\common\lwdiv.c estimated size: 71

C:\Program Files (x86)\Microchip\xc8\v2.10\pic\sources\c90\common\fltol.c
		___fltol       		CODE           	0D87	0000	157

C:\Program Files (x86)\Microchip\xc8\v2.10\pic\sources\c90\common\fltol.c estimated size: 157

LCDv1.c
		_lcd8_setCursor		CODE           	0A9B	0000	31
		_lcd8_write    		CODE           	0A50	0000	17
		_delay_1ms2    		CODE           	0A81	0000	27
		_lcd8_dispNum  		CODE           	0A60	0000	17
		_lcd8_dispChar 		CODE           	0B2A	0000	42
		_lcd8_init2    		CODE           	0B99	0000	94
		_lcd8_cmd      		CODE           	0A70	0000	18

LCDv1.c estimated size: 246

C:\Program Files (x86)\Microchip\xc8\v2.10\pic\sources\c90\common\Umul16.c
		___wmul        		CODE           	0ADA	0000	40

C:\Program Files (x86)\Microchip\xc8\v2.10\pic\sources\c90\common\Umul16.c estimated size: 40

C:\Program Files (x86)\Microchip\xc8\v2.10\pic\sources\c90\common\sprcmul.c
		___flmul       		CODE           	03D2	0000	866

C:\Program Files (x86)\Microchip\xc8\v2.10\pic\sources\c90\common\sprcmul.c estimated size: 866

C:\Program Files (x86)\Microchip\xc8\v2.10\pic\sources\c90\common\Umul8_16.c
		__Umul8_16     		CODE           	0B01	0000	42

C:\Program Files (x86)\Microchip\xc8\v2.10\pic\sources\c90\common\Umul8_16.c estimated size: 42

C:\Program Files (x86)\Microchip\xc8\v2.10\pic\sources\c90\common\sprcdiv.c
		___fldiv       		CODE           	0E23	0000	478

C:\Program Files (x86)\Microchip\xc8\v2.10\pic\sources\c90\common\sprcdiv.c estimated size: 478

lib_adc.c
		_adcFoscSel    		CODE           	0AB9	0000	34
		_adcSetup      		CODE           	0A43	0000	14
		_analogInSel   		CODE           	0C6D	0000	128

lib_adc.c estimated size: 176

C:\Program Files (x86)\Microchip\xc8\v2.10\pic\sources\c90\common\xxtofl.c
		___xxtofl      		CODE           	0733	0000	187

C:\Program Files (x86)\Microchip\xc8\v2.10\pic\sources\c90\common\xxtofl.c estimated size: 187

Lab3_v2.c
		_intEnable     		CODE           	0A33	0000	9
		_main          		CODE           	0021	0000	946
		_isr           		CODE           	0CEC	0000	156
		_setup         		CODE           	07ED	0000	20

Lab3_v2.c estimated size: 1131

shared
		__stringtab    		STRING         	0800	0000	7
		__initialization		CODE           	0011	0000	13

shared estimated size: 20

lib_osccon.c
		_oscInt        		CODE           	0BF6	0000	120

lib_osccon.c estimated size: 120

